============================= test session starts =============================
platform win32 -- Python 3.14.3, pytest-9.0.3, pluggy-1.6.0 -- C:\Python314\python.exe
cachedir: .pytest_cache
rootdir: D:\Project\MSCodeBase
configfile: pyproject.toml
plugins: anyio-4.14.0, asyncio-1.4.0
asyncio: mode=Mode.AUTO, debug=False, asyncio_default_fixture_loop_scope=function, asyncio_default_test_loop_scope=function
collecting ... collected 25 items

tests/test_agentic_search.py::TestDecomposeQueryWithLLM::test_simple_query_unchanged PASSED [  4%]
tests/test_agentic_search.py::TestDecomposeQueryWithLLM::test_split_by_and PASSED [  8%]
tests/test_agentic_search.py::TestDecomposeQueryWithLLM::test_split_by_comma PASSED [ 12%]
tests/test_agentic_search.py::TestDecomposeQueryWithLLM::test_split_by_question_words PASSED [ 16%]
tests/test_agentic_search.py::TestDecomposeQueryWithLLM::test_max_subqueries_limit PASSED [ 20%]
tests/test_agentic_search.py::TestDecomposeQueryWithLLM::test_short_parts_filtered PASSED [ 24%]
tests/test_agentic_search.py::TestDecomposeQueryWithLLM::test_empty_query PASSED [ 28%]
tests/test_agentic_search.py::TestAnalyzeSubqueryRelations::test_no_common_files PASSED [ 32%]
tests/test_agentic_search.py::TestAnalyzeSubqueryRelations::test_common_files_detected PASSED [ 36%]
tests/test_agentic_search.py::TestAnalyzeSubqueryRelations::test_coverage_score PASSED [ 40%]
tests/test_agentic_search.py::TestAnalyzeSubqueryRelations::test_flow_description_generated PASSED [ 44%]
tests/test_agentic_search.py::TestAgenticCodeSearch::test_simple_query_uses_hybrid_search PASSED [ 48%]
tests/test_agentic_search.py::TestAgenticCodeSearch::test_complex_query_decomposes_and_searches PASSED [ 52%]
tests/test_agentic_search.py::TestAgenticCodeSearch::test_deduplication_across_subqueries PASSED [ 56%]
tests/test_agentic_search.py::TestAgenticCodeSearch::test_relations_analyzed PASSED [ 60%]
tests/test_agentic_search.py::TestAgenticCodeSearch::test_max_total_results_limit PASSED [ 64%]
tests/test_agentic_search.py::TestAgenticCodeSearch::test_fallback_on_empty_decomposition PASSED [ 68%]
tests/test_agentic_search.py::TestAgenticCodeSearch::test_llm_decomposition_fallback_to_rules PASSED [ 72%]
tests/test_agentic_search.py::TestAgenticCodeSearch::test_parallel_search_with_threadpool PASSED [ 76%]
tests/test_agentic_search.py::TestAgenticCodeSearch::test_decomposition_method_tracked PASSED [ 80%]
tests/test_agentic_search.py::TestAgenticCodeSearch::test_call_graph_analysis_with_symbol_index PASSED [ 84%]
tests/test_agentic_search.py::TestAgenticCodeSearch::test_call_graph_analysis_without_symbol_index PASSED [ 88%]
tests/test_agentic_search.py::TestAgenticCodeSearch::test_call_graph_analysis_error_handling PASSED [ 92%]
tests/test_agentic_search.py::TestAgenticCodeSearch::test_metrics_in_metadata PASSED [ 96%]
tests/test_agentic_search.py::TestAgenticCodeSearch::test_agentic_vs_hybrid_fallback PASSED [100%]

============================= 25 passed in 10.41s =============================
Exit code: 0 
